#
# There is insufficient memory for the Java Runtime Environment to continue.
# Native memory allocation (malloc) failed to allocate 1062880 bytes. Error detail: Chunk::new
# Possible reasons:
#   The system is out of physical RAM or swap space
#   This process is running with CompressedOops enabled, and the Java Heap may be blocking the growth of the native heap
# Possible solutions:
#   Reduce memory load on the system
#   Increase physical memory or swap space
#   Check if swap backing store is full
#   Decrease Java heap size (-Xmx/-Xms)
#   Decrease number of Java threads
#   Decrease Java thread stack sizes (-Xss)
#   Set larger code cache with -XX:ReservedCodeCacheSize=
#   JVM is running with Unscaled Compressed Oops mode in which the Java heap is
#     placed in the first 4GB address space. The Java Heap base address is the
#     maximum limit for the native heap growth. Please use -XX:HeapBaseMinAddress
#     to set the Java Heap base and to place the Java Heap above 4GB virtual address.
# This output file may be truncated or incomplete.
#
#  Out of Memory Error (arena.cpp:168), pid=13592, tid=28044
#
# JRE version: OpenJDK Runtime Environment Temurin-21.0.10+7 (21.0.10+7) (build 21.0.10+7-LTS)
# Java VM: OpenJDK 64-Bit Server VM Temurin-21.0.10+7 (21.0.10+7-LTS, mixed mode, sharing, tiered, compressed oops, compressed class ptrs, parallel gc, windows-amd64)
# No core dump will be written. Minidumps are not enabled by default on client versions of Windows
#

---------------  S U M M A R Y ------------

Command Line: --add-modules=ALL-SYSTEM --add-opens=java.base/java.util=ALL-UNNAMED --add-opens=java.base/java.lang=ALL-UNNAMED --add-opens=java.base/sun.nio.fs=ALL-UNNAMED -Declipse.application=org.eclipse.jdt.ls.core.id1 -Dosgi.bundles.defaultStartLevel=4 -Declipse.product=org.eclipse.jdt.ls.core.product -Djava.import.generatesMetadataFilesAtProjectRoot=false -DDetectVMInstallationsJob.disabled=true -Dfile.encoding=utf8 -XX:+UseParallelGC -XX:GCTimeRatio=4 -XX:AdaptiveSizePolicyWeight=90 -Dsun.zip.disableMemoryMapping=true -Xmx2G -Xms100m -Xlog:disable -javaagent:c:\Users\Acer\.vscode\extensions\redhat.java-1.54.0-win32-x64\lombok\lombok-1.18.39-4050.jar -XX:+HeapDumpOnOutOfMemoryError -XX:HeapDumpPath=c:\Users\Acer\AppData\Roaming\Code\User\workspaceStorage\c2f84b20cdcc030d3ac3bac9dc360a9b\redhat.java -Daether.dependencyCollector.impl=bf c:\Users\Acer\.vscode\extensions\redhat.java-1.54.0-win32-x64\server\plugins\org.eclipse.equinox.launcher_1.7.100.v20251111-0406.jar -configuration c:\Users\Acer\AppData\Roaming\Code\User\globalStorage\redhat.java\1.54.0\config_win -data c:\Users\Acer\AppData\Roaming\Code\User\workspaceStorage\c2f84b20cdcc030d3ac3bac9dc360a9b\redhat.java\jdt_ws --pipe=\\.\pipe\lsp-2722ed9095555e8cafe96ae28b914db3-sock

Host: Intel(R) Core(TM) i7-8565U CPU @ 1.80GHz, 8 cores, 7G,  Windows 11 , 64 bit Build 26100 (10.0.26100.7920)
Time: Mon Jun  8 18:31:37 2026 Hora est. Sudamérica Pacífico elapsed time: 205.586842 seconds (0d 0h 3m 25s)

---------------  T H R E A D  ---------------

Current thread (0x00000222d4770e00):  JavaThread "C2 CompilerThread2" daemon [_thread_in_native, id=28044, stack(0x000000cc13100000,0x000000cc13200000) (1024K)]


Current CompileTask:
C2:205587 15514   !   4       org.eclipse.jdt.internal.core.util.DeduplicationUtil::intern (149 bytes)

Stack: [0x000000cc13100000,0x000000cc13200000]
Native frames: (J=compiled Java code, j=interpreted, Vv=VM code, C=native code)
V  [jvm.dll+0x6d7a39]
V  [jvm.dll+0x8b4b26]
V  [jvm.dll+0x8b70de]
V  [jvm.dll+0x8b77c3]
V  [jvm.dll+0x284346]
V  [jvm.dll+0xc66ed]
V  [jvm.dll+0xc6c31]
V  [jvm.dll+0x3bec3b]
V  [jvm.dll+0x1e3d62]
V  [jvm.dll+0x24c6b3]
V  [jvm.dll+0x24bb40]
V  [jvm.dll+0x1cb34e]
V  [jvm.dll+0x25b85d]
V  [jvm.dll+0x259dea]
V  [jvm.dll+0x3f857e]
V  [jvm.dll+0x85f59d]
V  [jvm.dll+0x6d626d]
C  [ucrtbase.dll+0x37b0]
C  [KERNEL32.DLL+0x2e8d7]
C  [ntdll.dll+0x8c48c]


---------------  P R O C E S S  ---------------

Threads class SMR info:
_java_thread_list=0x00000222d4e4ff60, length=51, elements={
0x00000222f3ede6a0, 0x00000222f3e4e7a0, 0x00000222f3e53040, 0x00000222f3e557f0,
0x00000222f3e56800, 0x00000222f3e5a7d0, 0x00000222f3e5b360, 0x00000222f3e61760,
0x00000222f3e866e0, 0x00000222fd39f370, 0x00000222fd45bbd0, 0x00000222fdf73a20,
0x00000222fdf4cd60, 0x00000222fd90c570, 0x00000222fd228f40, 0x00000222fd71b3e0,
0x00000222fe5d4460, 0x00000222fd356da0, 0x00000222fdfaa2a0, 0x00000222fdfaa930,
0x00000222fdfab650, 0x00000222fdfabce0, 0x00000222fdfac370, 0x00000222fdfaca00,
0x00000222fdfad720, 0x00000222fd4e64f0, 0x00000222fd4e6b80, 0x00000222fd4e7210,
0x00000222fd4e78a0, 0x00000222fd4e5140, 0x00000222fd4e85c0, 0x00000222fd4e7f30,
0x00000222fd4e8c50, 0x00000222fd4e57d0, 0x00000222fd4ead20, 0x00000222fd4ea690,
0x00000222d672c2f0, 0x00000222d672d6a0, 0x00000222fd4eb3b0, 0x00000222ff1de700,
0x00000222fd4ec0d0, 0x00000222d63a61a0, 0x00000222d63a4df0, 0x00000222d63a5480,
0x00000222d63a6ec0, 0x00000222d63a5b10, 0x00000222d4770e00, 0x00000222d63a6830,
0x00000222d63a3a40, 0x00000222d63a7550, 0x00000222d63a7be0
}

Java Threads: ( => current thread )
  0x00000222f3ede6a0 JavaThread "main"                              [_thread_blocked, id=29412, stack(0x000000cc0f900000,0x000000cc0fa00000) (1024K)]
  0x00000222f3e4e7a0 JavaThread "Reference Handler"          daemon [_thread_blocked, id=25688, stack(0x000000cc0fd00000,0x000000cc0fe00000) (1024K)]
  0x00000222f3e53040 JavaThread "Finalizer"                  daemon [_thread_blocked, id=10924, stack(0x000000cc0fe00000,0x000000cc0ff00000) (1024K)]
  0x00000222f3e557f0 JavaThread "Signal Dispatcher"          daemon [_thread_blocked, id=15184, stack(0x000000cc0ff00000,0x000000cc10000000) (1024K)]
  0x00000222f3e56800 JavaThread "Attach Listener"            daemon [_thread_blocked, id=29232, stack(0x000000cc10000000,0x000000cc10100000) (1024K)]
  0x00000222f3e5a7d0 JavaThread "Service Thread"             daemon [_thread_blocked, id=14032, stack(0x000000cc10100000,0x000000cc10200000) (1024K)]
  0x00000222f3e5b360 JavaThread "Monitor Deflation Thread"   daemon [_thread_blocked, id=22464, stack(0x000000cc10200000,0x000000cc10300000) (1024K)]
  0x00000222f3e61760 JavaThread "C2 CompilerThread0"         daemon [_thread_in_native, id=8292, stack(0x000000cc10300000,0x000000cc10400000) (1024K)]
  0x00000222f3e866e0 JavaThread "C1 CompilerThread0"         daemon [_thread_blocked, id=29560, stack(0x000000cc10400000,0x000000cc10500000) (1024K)]
  0x00000222fd39f370 JavaThread "Common-Cleaner"             daemon [_thread_blocked, id=29304, stack(0x000000cc10600000,0x000000cc10700000) (1024K)]
  0x00000222fd45bbd0 JavaThread "Notification Thread"        daemon [_thread_blocked, id=16672, stack(0x000000cc10700000,0x000000cc10800000) (1024K)]
  0x00000222fdf73a20 JavaThread "Active Thread: Equinox Container: 7ad2f3b6-80d5-4c72-aa0d-cd1c1a251c4c"        [_thread_blocked, id=29368, stack(0x000000cc10e00000,0x000000cc10f00000) (1024K)]
  0x00000222fdf4cd60 JavaThread "Refresh Thread: Equinox Container: 7ad2f3b6-80d5-4c72-aa0d-cd1c1a251c4c" daemon [_thread_blocked, id=24620, stack(0x000000cc10f00000,0x000000cc11000000) (1024K)]
  0x00000222fd90c570 JavaThread "Framework Event Dispatcher: Equinox Container: 7ad2f3b6-80d5-4c72-aa0d-cd1c1a251c4c" daemon [_thread_blocked, id=16068, stack(0x000000cc11000000,0x000000cc11100000) (1024K)]
  0x00000222fd228f40 JavaThread "Start Level: Equinox Container: 7ad2f3b6-80d5-4c72-aa0d-cd1c1a251c4c" daemon [_thread_blocked, id=28460, stack(0x000000cc11100000,0x000000cc11200000) (1024K)]
  0x00000222fd71b3e0 JavaThread "Bundle File Closer"         daemon [_thread_blocked, id=21236, stack(0x000000cc0f800000,0x000000cc0f900000) (1024K)]
  0x00000222fe5d4460 JavaThread "SCR Component Actor"        daemon [_thread_blocked, id=28788, stack(0x000000cc11200000,0x000000cc11300000) (1024K)]
  0x00000222fd356da0 JavaThread "Worker-JM"                         [_thread_blocked, id=6992, stack(0x000000cc11500000,0x000000cc11600000) (1024K)]
  0x00000222fdfaa2a0 JavaThread "Worker-1: Building"                [_thread_blocked, id=8896, stack(0x000000cc11600000,0x000000cc11700000) (1024K)]
  0x00000222fdfaa930 JavaThread "Worker-2: Java indexing... "        [_thread_blocked, id=12836, stack(0x000000cc11800000,0x000000cc11900000) (1024K)]
  0x00000222fdfab650 JavaThread "Java indexing"              daemon [_thread_in_Java, id=12644, stack(0x000000cc11900000,0x000000cc11a00000) (1024K)]
  0x00000222fdfabce0 JavaThread "Worker-3"                          [_thread_blocked, id=20952, stack(0x000000cc11a00000,0x000000cc11b00000) (1024K)]
  0x00000222fdfac370 JavaThread "JNA Cleaner"                daemon [_thread_blocked, id=28588, stack(0x000000cc11b00000,0x000000cc11c00000) (1024K)]
  0x00000222fdfaca00 JavaThread "Worker-5: Initialize Workspace"        [_thread_blocked, id=29128, stack(0x000000cc11f00000,0x000000cc12000000) (1024K)]
  0x00000222fdfad720 JavaThread "Thread-1"                   daemon [_thread_in_native, id=27488, stack(0x000000cc12000000,0x000000cc12100000) (1024K)]
  0x00000222fd4e64f0 JavaThread "Thread-2"                   daemon [_thread_in_native, id=15012, stack(0x000000cc12100000,0x000000cc12200000) (1024K)]
  0x00000222fd4e6b80 JavaThread "Thread-3"                   daemon [_thread_in_native, id=28528, stack(0x000000cc12200000,0x000000cc12300000) (1024K)]
  0x00000222fd4e7210 JavaThread "Thread-4"                   daemon [_thread_in_native, id=3772, stack(0x000000cc12300000,0x000000cc12400000) (1024K)]
  0x00000222fd4e78a0 JavaThread "Thread-5"                   daemon [_thread_in_native, id=29664, stack(0x000000cc12400000,0x000000cc12500000) (1024K)]
  0x00000222fd4e5140 JavaThread "Thread-6"                   daemon [_thread_in_native, id=3088, stack(0x000000cc12500000,0x000000cc12600000) (1024K)]
  0x00000222fd4e85c0 JavaThread "Thread-7"                   daemon [_thread_in_native, id=2792, stack(0x000000cc12600000,0x000000cc12700000) (1024K)]
  0x00000222fd4e7f30 JavaThread "Thread-8"                   daemon [_thread_in_native, id=9636, stack(0x000000cc12700000,0x000000cc12800000) (1024K)]
  0x00000222fd4e8c50 JavaThread "Thread-9"                   daemon [_thread_in_native, id=26928, stack(0x000000cc12800000,0x000000cc12900000) (1024K)]
  0x00000222fd4e57d0 JavaThread "pool-2-thread-1"                   [_thread_blocked, id=26140, stack(0x000000cc12900000,0x000000cc12a00000) (1024K)]
  0x00000222fd4ead20 JavaThread "WorkspaceEventsHandler"            [_thread_blocked, id=22644, stack(0x000000cc12b00000,0x000000cc12c00000) (1024K)]
  0x00000222fd4ea690 JavaThread "pool-1-thread-1"                   [_thread_blocked, id=4052, stack(0x000000cc12c00000,0x000000cc12d00000) (1024K)]
  0x00000222d672c2f0 JavaThread "Worker-7: Initialize workspace"        [_thread_blocked, id=23276, stack(0x000000cc11400000,0x000000cc11500000) (1024K)]
  0x00000222d672d6a0 JavaThread "ForkJoinPool.commonPool-worker-1" daemon [_thread_blocked, id=20220, stack(0x000000cc0f600000,0x000000cc0f700000) (1024K)]
  0x00000222fd4eb3b0 JavaThread "Worker-8"                          [_thread_blocked, id=4652, stack(0x000000cc11300000,0x000000cc11400000) (1024K)]
  0x00000222ff1de700 JavaThread "C2 CompilerThread1"         daemon [_thread_in_native, id=19692, stack(0x000000cc0f700000,0x000000cc0f800000) (1024K)]
  0x00000222fd4ec0d0 JavaThread "Worker-9: Publish Diagnostics"        [_thread_in_Java, id=12048, stack(0x000000cc11700000,0x000000cc11800000) (1024K)]
  0x00000222d63a61a0 JavaThread "ForkJoinPool.commonPool-worker-2" daemon [_thread_blocked, id=1084, stack(0x000000cc11e00000,0x000000cc11f00000) (1024K)]
  0x00000222d63a4df0 JavaThread "ForkJoinPool.commonPool-worker-3" daemon [_thread_blocked, id=21544, stack(0x000000cc12d00000,0x000000cc12e00000) (1024K)]
  0x00000222d63a5480 JavaThread "ForkJoinPool.commonPool-worker-4" daemon [_thread_blocked, id=21760, stack(0x000000cc12e00000,0x000000cc12f00000) (1024K)]
  0x00000222d63a6ec0 JavaThread "ForkJoinPool.commonPool-worker-5" daemon [_thread_blocked, id=3948, stack(0x000000cc12f00000,0x000000cc13000000) (1024K)]
  0x00000222d63a5b10 JavaThread "ForkJoinPool.commonPool-worker-6" daemon [_thread_blocked, id=27380, stack(0x000000cc13000000,0x000000cc13100000) (1024K)]
=>0x00000222d4770e00 JavaThread "C2 CompilerThread2"         daemon [_thread_in_native, id=28044, stack(0x000000cc13100000,0x000000cc13200000) (1024K)]
  0x00000222d63a6830 JavaThread "Compiler Source File Reader" daemon [_thread_blocked, id=26788, stack(0x000000cc13200000,0x000000cc13300000) (1024K)]
  0x00000222d63a3a40 JavaThread "Compiler Source File Reader" daemon [_thread_blocked, id=13520, stack(0x000000cc13300000,0x000000cc13400000) (1024K)]
  0x00000222d63a7550 JavaThread "Compiler Source File Reader" daemon [_thread_blocked, id=27140, stack(0x000000cc13400000,0x000000cc13500000) (1024K)]
  0x00000222d63a7be0 JavaThread "Compiler Processing Task"   daemon [_thread_blocked, id=23400, stack(0x000000cc13500000,0x000000cc13600000) (1024K)]
Total: 51

Other Threads:
  0x00000222f3e31300 VMThread "VM Thread"                           [id=5600, stack(0x000000cc0fc00000,0x000000cc0fd00000) (1024K)] _threads_hazard_ptr=0x00000222d4e4ff60
  0x00000222f3d6ca00 WatcherThread "VM Periodic Task Thread"        [id=29608, stack(0x000000cc0fb00000,0x000000cc0fc00000) (1024K)]
  0x00000222f3efb9d0 WorkerThread "GC Thread#0"                     [id=22620, stack(0x000000cc0fa00000,0x000000cc0fb00000) (1024K)]
  0x00000222fd67a8f0 WorkerThread "GC Thread#1"                     [id=18620, stack(0x000000cc10800000,0x000000cc10900000) (1024K)]
  0x00000222fdb53a30 WorkerThread "GC Thread#2"                     [id=28704, stack(0x000000cc10900000,0x000000cc10a00000) (1024K)]
  0x00000222fdb53de0 WorkerThread "GC Thread#3"                     [id=24760, stack(0x000000cc10a00000,0x000000cc10b00000) (1024K)]
  0x00000222fdb54190 WorkerThread "GC Thread#4"                     [id=28632, stack(0x000000cc10b00000,0x000000cc10c00000) (1024K)]
  0x00000222fdb4ffb0 WorkerThread "GC Thread#5"                     [id=27992, stack(0x000000cc10c00000,0x000000cc10d00000) (1024K)]
  0x00000222fdb50360 WorkerThread "GC Thread#6"                     [id=4296, stack(0x000000cc10d00000,0x000000cc10e00000) (1024K)]
  0x00000222f3e8ada0 WorkerThread "GC Thread#7"                     [id=18428, stack(0x000000cc10500000,0x000000cc10600000) (1024K)]
Total: 10

Threads with active compile tasks:
C2 CompilerThread0  205674 15560       4       org.eclipse.jdt.internal.core.search.indexing.BinaryIndexer::extractReferenceFromConstantPool (358 bytes)
C2 CompilerThread1  205675 15493   !   4       org.eclipse.jdt.internal.core.search.indexing.BinaryIndexer::indexDocument (1172 bytes)
C2 CompilerThread2  205675 15514   !   4       org.eclipse.jdt.internal.core.util.DeduplicationUtil::intern (149 bytes)
Total: 3

VM state: synchronizing (normal execution)

VM Mutex/Monitor currently owned by a thread:  ([mutex/lock_event])
[0x00007ffec764e560] Threads_lock - owner thread: 0x00000222f3e31300
[0x00007ffec764e660] Heap_lock - owner thread: 0x00000222d63a5b10

Heap address: 0x0000000080000000, size: 2048 MB, Compressed Oops mode: 32-bit

CDS archive(s) mapped at: [0x000002228f000000-0x000002228fba0000-0x000002228fba0000), size 12189696, SharedBaseAddress: 0x000002228f000000, ArchiveRelocationMode: 1.
Compressed class space mapped at: 0x0000022290000000-0x00000222d0000000, reserved size: 1073741824
Narrow klass base: 0x000002228f000000, Narrow klass shift: 0, Narrow klass range: 0x100000000

GC Precious Log:
 CardTable entry size: 512
 CPUs: 8 total, 8 available
 Memory: 8040M
 Large Page Support: Disabled
 NUMA Support: Disabled
 Compressed Oops: Enabled (32-bit)
 Alignments: Space 512K, Generation 512K, Heap 2M
 Heap Min Capacity: 100M
 Heap Initial Capacity: 100M
 Heap Max Capacity: 2G
 Pre-touch: Disabled
 Parallel Workers: 8

Heap:
 PSYoungGen      total 5632K, used 5629K [0x00000000d5580000, 0x00000000d5c00000, 0x0000000100000000)
  eden space 5120K, 99% used [0x00000000d5580000,0x00000000d5a7f6e0,0x00000000d5a80000)
  from space 512K, 100% used [0x00000000d5b00000,0x00000000d5b80000,0x00000000d5b80000)
  to   space 512K, 0% used [0x00000000d5b80000,0x00000000d5b80000,0x00000000d5c00000)
 ParOldGen       total 183808K, used 183575K [0x0000000080000000, 0x000000008b380000, 0x00000000d5580000)
  object space 183808K, 99% used [0x0000000080000000,0x000000008b345e70,0x000000008b380000)
 Metaspace       used 74932K, committed 76416K, reserved 1179648K
  class space    used 7980K, committed 8576K, reserved 1048576K

Card table byte_map: [0x00000222f3880000,0x00000222f3c90000] _byte_map_base: 0x00000222f3480000

Marking Bits: (ParMarkBitMap*) 0x00007ffec7653450
 Begin Bits: [0x00000222f7390000, 0x00000222f9390000)
 End Bits:   [0x00000222f9390000, 0x00000222fb390000)

Polling page: 0x00000222f1d40000

Metaspace:

Usage:
  Non-class:     65.38 MB used.
      Class:      7.79 MB used.
       Both:     73.18 MB used.

Virtual space:
  Non-class space:      128.00 MB reserved,      66.25 MB ( 52%) committed,  2 nodes.
      Class space:        1.00 GB reserved,       8.38 MB ( <1%) committed,  1 nodes.
             Both:        1.12 GB reserved,      74.62 MB (  6%) committed. 

Chunk freelists:
   Non-Class:  13.33 MB
       Class:  7.63 MB
        Both:  20.95 MB

MaxMetaspaceSize: unlimited
CompressedClassSpaceSize: 1.00 GB
Initial GC threshold: 21.00 MB
Current GC threshold: 97.31 MB
CDS: on
 - commit_granule_bytes: 65536.
 - commit_granule_words: 8192.
 - virtual_space_node_default_size: 8388608.
 - enlarge_chunks_in_place: 1.
 - use_allocation_guard: 0.


Internal statistics:

num_allocs_failed_limit: 9.
num_arena_births: 1294.
num_arena_deaths: 40.
num_vsnodes_births: 3.
num_vsnodes_deaths: 0.
num_space_committed: 1194.
num_space_uncommitted: 0.
num_chunks_returned_to_freelist: 56.
num_chunks_taken_from_freelist: 4706.
num_chunk_merges: 20.
num_chunk_splits: 2860.
num_chunks_enlarged: 1621.
num_inconsistent_stats: 0.

CodeHeap 'non-profiled nmethods': size=120000Kb used=12404Kb max_used=12404Kb free=107595Kb
 bounds [0x0000022287ad0000, 0x00000222886f0000, 0x000002228f000000]
CodeHeap 'profiled nmethods': size=120000Kb used=35698Kb max_used=35698Kb free=84301Kb
 bounds [0x0000022280000000, 0x00000222822e0000, 0x0000022287530000]
CodeHeap 'non-nmethods': size=5760Kb used=1489Kb max_used=1586Kb free=4270Kb
 bounds [0x0000022287530000, 0x00000222877a0000, 0x0000022287ad0000]
CodeCache: size=245760Kb, used=49591Kb, max_used=49688Kb, free=196166Kb
 total_blobs=15531, nmethods=14720, adapters=715, full_count=0
Compilation: enabled, stopped_count=0, restarted_count=0

Compilation events (20 events):
Event: 205.261 Thread 0x00000222f3e866e0 15550       3       org.eclipse.jdt.internal.compiler.classfmt.RecordComponentInfo::createComponent (450 bytes)
Event: 205.264 Thread 0x00000222f3e866e0 nmethod 15550 0x00000222822cc310 code [0x00000222822cc6e0, 0x00000222822ce638]
Event: 205.264 Thread 0x00000222f3e866e0 15551       3       org.eclipse.jdt.internal.compiler.classfmt.RecordComponentInfo::<init> (19 bytes)
Event: 205.265 Thread 0x00000222f3e866e0 nmethod 15551 0x00000222822cf190 code [0x00000222822cf340, 0x00000222822cf540]
Event: 205.285 Thread 0x00000222f3e866e0 15553       3       org.eclipse.jdt.internal.compiler.lookup.ReferenceBinding::isEnum (15 bytes)
Event: 205.285 Thread 0x00000222f3e866e0 nmethod 15553 0x00000222822cf690 code [0x00000222822cf840, 0x00000222822cf9b8]
Event: 205.313 Thread 0x00000222f3e866e0 15554 %     3       org.eclipse.jdt.internal.compiler.classfmt.ModuleInfo::readModuleAttribute @ 357 (1166 bytes)
Event: 205.322 Thread 0x00000222f3e866e0 nmethod 15554% 0x00000222822cfa90 code [0x00000222822d0180, 0x00000222822d68d8]
Event: 205.356 Thread 0x00000222f3e866e0 15555       3       org.eclipse.jdt.internal.core.DeltaProcessor::rootInfo (39 bytes)
Event: 205.356 Thread 0x00000222f3e866e0 nmethod 15555 0x00000222822d9010 code [0x00000222822d9200, 0x00000222822d96e8]
Event: 205.356 Thread 0x00000222f3e866e0 15556       3       org.eclipse.jdt.internal.compiler.classfmt.AnnotationInfo::readTargetValue (322 bytes)
Event: 205.358 Thread 0x00000222f3e866e0 nmethod 15556 0x00000222822d9890 code [0x00000222822d9b20, 0x00000222822dab58]
Event: 205.395 Thread 0x00000222f3e866e0 15558       3       org.eclipse.jdt.internal.compiler.classfmt.FieldInfo::decodeAnnotations (185 bytes)
Event: 205.404 Thread 0x00000222f3e866e0 nmethod 15558 0x00000222822db110 code [0x00000222822db320, 0x00000222822dbe08]
Event: 205.434 Thread 0x00000222f3e61760 nmethod 15516% 0x00000222886e0290 code [0x00000222886e08c0, 0x00000222886e7330]
Event: 205.436 Thread 0x00000222f3e61760 15523       4       org.eclipse.jdt.internal.core.util.WeakHashSet::add (105 bytes)
Event: 205.441 Thread 0x00000222f3e866e0 15559       3       org.eclipse.jdt.internal.core.util.HashSetOfArray::<init> (41 bytes)
Event: 205.441 Thread 0x00000222f3e866e0 nmethod 15559 0x00000222822dc190 code [0x00000222822dc360, 0x00000222822dc5e0]
Event: 205.511 Thread 0x00000222f3e61760 nmethod 15523 0x00000222886eac10 code [0x00000222886eaf20, 0x00000222886ec280]
Event: 205.511 Thread 0x00000222f3e61760 15560       4       org.eclipse.jdt.internal.core.search.indexing.BinaryIndexer::extractReferenceFromConstantPool (358 bytes)

GC Heap History (20 events):
Event: 205.399 GC heap before
{Heap before GC invocations=236 (full 3):
 PSYoungGen      total 6144K, used 5824K [0x00000000d5580000, 0x00000000d5c80000, 0x0000000100000000)
  eden space 5120K, 100% used [0x00000000d5580000,0x00000000d5a80000,0x00000000d5a80000)
  from space 1024K, 68% used [0x00000000d5b80000,0x00000000d5c30000,0x00000000d5c80000)
  to   space 1024K, 0% used [0x00000000d5a80000,0x00000000d5a80000,0x00000000d5b80000)
 ParOldGen       total 177664K, used 177599K [0x0000000080000000, 0x000000008ad80000, 0x00000000d5580000)
  object space 177664K, 99% used [0x0000000080000000,0x000000008ad6fcb0,0x000000008ad80000)
 Metaspace       used 74753K, committed 76288K, reserved 1179648K
  class space    used 7952K, committed 8576K, reserved 1048576K
}
Event: 205.403 GC heap after
{Heap after GC invocations=236 (full 3):
 PSYoungGen      total 6144K, used 591K [0x00000000d5580000, 0x00000000d5c80000, 0x0000000100000000)
  eden space 5120K, 0% used [0x00000000d5580000,0x00000000d5580000,0x00000000d5a80000)
  from space 1024K, 57% used [0x00000000d5a80000,0x00000000d5b13d68,0x00000000d5b80000)
  to   space 1024K, 0% used [0x00000000d5b80000,0x00000000d5b80000,0x00000000d5c80000)
 ParOldGen       total 178176K, used 178162K [0x0000000080000000, 0x000000008ae00000, 0x00000000d5580000)
  object space 178176K, 99% used [0x0000000080000000,0x000000008adfc9d0,0x000000008ae00000)
 Metaspace       used 74753K, committed 76288K, reserved 1179648K
  class space    used 7952K, committed 8576K, reserved 1048576K
}
Event: 205.418 GC heap before
{Heap before GC invocations=237 (full 3):
 PSYoungGen      total 6144K, used 5711K [0x00000000d5580000, 0x00000000d5c80000, 0x0000000100000000)
  eden space 5120K, 100% used [0x00000000d5580000,0x00000000d5a80000,0x00000000d5a80000)
  from space 1024K, 57% used [0x00000000d5a80000,0x00000000d5b13d68,0x00000000d5b80000)
  to   space 1024K, 0% used [0x00000000d5b80000,0x00000000d5b80000,0x00000000d5c80000)
 ParOldGen       total 178176K, used 178162K [0x0000000080000000, 0x000000008ae00000, 0x00000000d5580000)
  object space 178176K, 99% used [0x0000000080000000,0x000000008adfc9d0,0x000000008ae00000)
 Metaspace       used 74754K, committed 76288K, reserved 1179648K
  class space    used 7952K, committed 8576K, reserved 1048576K
}
Event: 205.421 GC heap after
{Heap after GC invocations=237 (full 3):
 PSYoungGen      total 6144K, used 563K [0x00000000d5580000, 0x00000000d5c80000, 0x0000000100000000)
  eden space 5120K, 0% used [0x00000000d5580000,0x00000000d5580000,0x00000000d5a80000)
  from space 1024K, 55% used [0x00000000d5b80000,0x00000000d5c0cf20,0x00000000d5c80000)
  to   space 1024K, 0% used [0x00000000d5a80000,0x00000000d5a80000,0x00000000d5b80000)
 ParOldGen       total 178688K, used 178581K [0x0000000080000000, 0x000000008ae80000, 0x00000000d5580000)
  object space 178688K, 99% used [0x0000000080000000,0x000000008ae65578,0x000000008ae80000)
 Metaspace       used 74754K, committed 76288K, reserved 1179648K
  class space    used 7952K, committed 8576K, reserved 1048576K
}
Event: 205.430 GC heap before
{Heap before GC invocations=238 (full 3):
 PSYoungGen      total 6144K, used 5683K [0x00000000d5580000, 0x00000000d5c80000, 0x0000000100000000)
  eden space 5120K, 100% used [0x00000000d5580000,0x00000000d5a80000,0x00000000d5a80000)
  from space 1024K, 55% used [0x00000000d5b80000,0x00000000d5c0cf20,0x00000000d5c80000)
  to   space 1024K, 0% used [0x00000000d5a80000,0x00000000d5a80000,0x00000000d5b80000)
 ParOldGen       total 178688K, used 178581K [0x0000000080000000, 0x000000008ae80000, 0x00000000d5580000)
  object space 178688K, 99% used [0x0000000080000000,0x000000008ae65578,0x000000008ae80000)
 Metaspace       used 74757K, committed 76288K, reserved 1179648K
  class space    used 7952K, committed 8576K, reserved 1048576K
}
Event: 205.433 GC heap after
{Heap after GC invocations=238 (full 3):
 PSYoungGen      total 6144K, used 464K [0x00000000d5580000, 0x00000000d5c00000, 0x0000000100000000)
  eden space 5120K, 0% used [0x00000000d5580000,0x00000000d5580000,0x00000000d5a80000)
  from space 1024K, 45% used [0x00000000d5a80000,0x00000000d5af4128,0x00000000d5b80000)
  to   space 512K, 0% used [0x00000000d5b80000,0x00000000d5b80000,0x00000000d5c00000)
 ParOldGen       total 179200K, used 179000K [0x0000000080000000, 0x000000008af00000, 0x00000000d5580000)
  object space 179200K, 99% used [0x0000000080000000,0x000000008aece368,0x000000008af00000)
 Metaspace       used 74757K, committed 76288K, reserved 1179648K
  class space    used 7952K, committed 8576K, reserved 1048576K
}
Event: 205.444 GC heap before
{Heap before GC invocations=239 (full 3):
 PSYoungGen      total 6144K, used 5584K [0x00000000d5580000, 0x00000000d5c00000, 0x0000000100000000)
  eden space 5120K, 100% used [0x00000000d5580000,0x00000000d5a80000,0x00000000d5a80000)
  from space 1024K, 45% used [0x00000000d5a80000,0x00000000d5af4128,0x00000000d5b80000)
  to   space 512K, 0% used [0x00000000d5b80000,0x00000000d5b80000,0x00000000d5c00000)
 ParOldGen       total 179200K, used 179000K [0x0000000080000000, 0x000000008af00000, 0x00000000d5580000)
  object space 179200K, 99% used [0x0000000080000000,0x000000008aece368,0x000000008af00000)
 Metaspace       used 74757K, committed 76288K, reserved 1179648K
  class space    used 7952K, committed 8576K, reserved 1048576K
}
Event: 205.446 GC heap after
{Heap after GC invocations=239 (full 3):
 PSYoungGen      total 5632K, used 496K [0x00000000d5580000, 0x00000000d5c80000, 0x0000000100000000)
  eden space 5120K, 0% used [0x00000000d5580000,0x00000000d5580000,0x00000000d5a80000)
  from space 512K, 96% used [0x00000000d5b80000,0x00000000d5bfc010,0x00000000d5c00000)
  to   space 1024K, 0% used [0x00000000d5a80000,0x00000000d5a80000,0x00000000d5b80000)
 ParOldGen       total 179712K, used 179274K [0x0000000080000000, 0x000000008af80000, 0x00000000d5580000)
  object space 179712K, 99% used [0x0000000080000000,0x000000008af12b30,0x000000008af80000)
 Metaspace       used 74757K, committed 76288K, reserved 1179648K
  class space    used 7952K, committed 8576K, reserved 1048576K
}
Event: 205.488 GC heap before
{Heap before GC invocations=240 (full 3):
 PSYoungGen      total 5632K, used 5616K [0x00000000d5580000, 0x00000000d5c80000, 0x0000000100000000)
  eden space 5120K, 100% used [0x00000000d5580000,0x00000000d5a80000,0x00000000d5a80000)
  from space 512K, 96% used [0x00000000d5b80000,0x00000000d5bfc010,0x00000000d5c00000)
  to   space 1024K, 0% used [0x00000000d5a80000,0x00000000d5a80000,0x00000000d5b80000)
 ParOldGen       total 179712K, used 179274K [0x0000000080000000, 0x000000008af80000, 0x00000000d5580000)
  object space 179712K, 99% used [0x0000000080000000,0x000000008af12b30,0x000000008af80000)
 Metaspace       used 74761K, committed 76288K, reserved 1179648K
  class space    used 7953K, committed 8576K, reserved 1048576K
}
Event: 205.494 GC heap after
{Heap after GC invocations=240 (full 3):
 PSYoungGen      total 6144K, used 1010K [0x00000000d5580000, 0x00000000d5d80000, 0x0000000100000000)
  eden space 5120K, 0% used [0x00000000d5580000,0x00000000d5580000,0x00000000d5a80000)
  from space 1024K, 98% used [0x00000000d5a80000,0x00000000d5b7cb20,0x00000000d5b80000)
  to   space 1536K, 0% used [0x00000000d5c00000,0x00000000d5c00000,0x00000000d5d80000)
 ParOldGen       total 179712K, used 179702K [0x0000000080000000, 0x000000008af80000, 0x00000000d5580000)
  object space 179712K, 99% used [0x0000000080000000,0x000000008af7d818,0x000000008af80000)
 Metaspace       used 74761K, committed 76288K, reserved 1179648K
  class space    used 7953K, committed 8576K, reserved 1048576K
}
Event: 205.505 GC heap before
{Heap before GC invocations=241 (full 3):
 PSYoungGen      total 6144K, used 6130K [0x00000000d5580000, 0x00000000d5d80000, 0x0000000100000000)
  eden space 5120K, 100% used [0x00000000d5580000,0x00000000d5a80000,0x00000000d5a80000)
  from space 1024K, 98% used [0x00000000d5a80000,0x00000000d5b7cb20,0x00000000d5b80000)
  to   space 1536K, 0% used [0x00000000d5c00000,0x00000000d5c00000,0x00000000d5d80000)
 ParOldGen       total 179712K, used 179702K [0x0000000080000000, 0x000000008af80000, 0x00000000d5580000)
  object space 179712K, 99% used [0x0000000080000000,0x000000008af7d818,0x000000008af80000)
 Metaspace       used 74764K, committed 76288K, reserved 1179648K
  class space    used 7953K, committed 8576K, reserved 1048576K
}
Event: 205.508 GC heap after
{Heap after GC invocations=241 (full 3):
 PSYoungGen      total 5632K, used 448K [0x00000000d5580000, 0x00000000d5c80000, 0x0000000100000000)
  eden space 5120K, 0% used [0x00000000d5580000,0x00000000d5580000,0x00000000d5a80000)
  from space 512K, 87% used [0x00000000d5c00000,0x00000000d5c70000,0x00000000d5c80000)
  to   space 1024K, 0% used [0x00000000d5a80000,0x00000000d5a80000,0x00000000d5b80000)
 ParOldGen       total 180736K, used 180643K [0x0000000080000000, 0x000000008b080000, 0x00000000d5580000)
  object space 180736K, 99% used [0x0000000080000000,0x000000008b068d58,0x000000008b080000)
 Metaspace       used 74764K, committed 76288K, reserved 1179648K
  class space    used 7953K, committed 8576K, reserved 1048576K
}
Event: 205.519 GC heap before
{Heap before GC invocations=242 (full 3):
 PSYoungGen      total 5632K, used 5568K [0x00000000d5580000, 0x00000000d5c80000, 0x0000000100000000)
  eden space 5120K, 100% used [0x00000000d5580000,0x00000000d5a80000,0x00000000d5a80000)
  from space 512K, 87% used [0x00000000d5c00000,0x00000000d5c70000,0x00000000d5c80000)
  to   space 1024K, 0% used [0x00000000d5a80000,0x00000000d5a80000,0x00000000d5b80000)
 ParOldGen       total 180736K, used 180643K [0x0000000080000000, 0x000000008b080000, 0x00000000d5580000)
  object space 180736K, 99% used [0x0000000080000000,0x000000008b068d58,0x000000008b080000)
 Metaspace       used 74764K, committed 76288K, reserved 1179648K
  class space    used 7953K, committed 8576K, reserved 1048576K
}
Event: 205.521 GC heap after
{Heap after GC invocations=242 (full 3):
 PSYoungGen      total 6144K, used 504K [0x00000000d5580000, 0x00000000d5c80000, 0x0000000100000000)
  eden space 5120K, 0% used [0x00000000d5580000,0x00000000d5580000,0x00000000d5a80000)
  from space 1024K, 49% used [0x00000000d5a80000,0x00000000d5afe368,0x00000000d5b80000)
  to   space 1024K, 0% used [0x00000000d5b80000,0x00000000d5b80000,0x00000000d5c80000)
 ParOldGen       total 181248K, used 181001K [0x0000000080000000, 0x000000008b100000, 0x00000000d5580000)
  object space 181248K, 99% used [0x0000000080000000,0x000000008b0c2430,0x000000008b100000)
 Metaspace       used 74764K, committed 76288K, reserved 1179648K
  class space    used 7953K, committed 8576K, reserved 1048576K
}
Event: 205.530 GC heap before
{Heap before GC invocations=243 (full 3):
 PSYoungGen      total 6144K, used 5624K [0x00000000d5580000, 0x00000000d5c80000, 0x0000000100000000)
  eden space 5120K, 100% used [0x00000000d5580000,0x00000000d5a80000,0x00000000d5a80000)
  from space 1024K, 49% used [0x00000000d5a80000,0x00000000d5afe368,0x00000000d5b80000)
  to   space 1024K, 0% used [0x00000000d5b80000,0x00000000d5b80000,0x00000000d5c80000)
 ParOldGen       total 181248K, used 181001K [0x0000000080000000, 0x000000008b100000, 0x00000000d5580000)
  object space 181248K, 99% used [0x0000000080000000,0x000000008b0c2430,0x000000008b100000)
 Metaspace       used 74768K, committed 76288K, reserved 1179648K
  class space    used 7954K, committed 8576K, reserved 1048576K
}
Event: 205.532 GC heap after
{Heap after GC invocations=243 (full 3):
 PSYoungGen      total 6144K, used 684K [0x00000000d5580000, 0x00000000d5c80000, 0x0000000100000000)
  eden space 5120K, 0% used [0x00000000d5580000,0x00000000d5580000,0x00000000d5a80000)
  from space 1024K, 66% used [0x00000000d5b80000,0x00000000d5c2b0a0,0x00000000d5c80000)
  to   space 1024K, 0% used [0x00000000d5a80000,0x00000000d5a80000,0x00000000d5b80000)
 ParOldGen       total 181760K, used 181352K [0x0000000080000000, 0x000000008b180000, 0x00000000d5580000)
  object space 181760K, 99% used [0x0000000080000000,0x000000008b11a240,0x000000008b180000)
 Metaspace       used 74768K, committed 76288K, reserved 1179648K
  class space    used 7954K, committed 8576K, reserved 1048576K
}
Event: 205.542 GC heap before
{Heap before GC invocations=244 (full 3):
 PSYoungGen      total 6144K, used 5804K [0x00000000d5580000, 0x00000000d5c80000, 0x0000000100000000)
  eden space 5120K, 100% used [0x00000000d5580000,0x00000000d5a80000,0x00000000d5a80000)
  from space 1024K, 66% used [0x00000000d5b80000,0x00000000d5c2b0a0,0x00000000d5c80000)
  to   space 1024K, 0% used [0x00000000d5a80000,0x00000000d5a80000,0x00000000d5b80000)
 ParOldGen       total 181760K, used 181352K [0x0000000080000000, 0x000000008b180000, 0x00000000d5580000)
  object space 181760K, 99% used [0x0000000080000000,0x000000008b11a240,0x000000008b180000)
 Metaspace       used 74773K, committed 76288K, reserved 1179648K
  class space    used 7954K, committed 8576K, reserved 1048576K
}
Event: 205.544 GC heap after
{Heap after GC invocations=244 (full 3):
 PSYoungGen      total 6144K, used 533K [0x00000000d5580000, 0x00000000d5c80000, 0x0000000100000000)
  eden space 5120K, 0% used [0x00000000d5580000,0x00000000d5580000,0x00000000d5a80000)
  from space 1024K, 52% used [0x00000000d5a80000,0x00000000d5b057c0,0x00000000d5b80000)
  to   space 1024K, 0% used [0x00000000d5b80000,0x00000000d5b80000,0x00000000d5c80000)
 ParOldGen       total 182272K, used 181875K [0x0000000080000000, 0x000000008b200000, 0x00000000d5580000)
  object space 182272K, 99% used [0x0000000080000000,0x000000008b19cdd8,0x000000008b200000)
 Metaspace       used 74773K, committed 76288K, reserved 1179648K
  class space    used 7954K, committed 8576K, reserved 1048576K
}
Event: 205.562 GC heap before
{Heap before GC invocations=245 (full 3):
 PSYoungGen      total 6144K, used 5653K [0x00000000d5580000, 0x00000000d5c80000, 0x0000000100000000)
  eden space 5120K, 100% used [0x00000000d5580000,0x00000000d5a80000,0x00000000d5a80000)
  from space 1024K, 52% used [0x00000000d5a80000,0x00000000d5b057c0,0x00000000d5b80000)
  to   space 1024K, 0% used [0x00000000d5b80000,0x00000000d5b80000,0x00000000d5c80000)
 ParOldGen       total 182272K, used 181875K [0x0000000080000000, 0x000000008b200000, 0x00000000d5580000)
  object space 182272K, 99% used [0x0000000080000000,0x000000008b19cdd8,0x000000008b200000)
 Metaspace       used 74804K, committed 76288K, reserved 1179648K
  class space    used 7966K, committed 8576K, reserved 1048576K
}
Event: 205.565 GC heap after
{Heap after GC invocations=245 (full 3):
 PSYoungGen      total 6144K, used 617K [0x00000000d5580000, 0x00000000d5c80000, 0x0000000100000000)
  eden space 5120K, 0% used [0x00000000d5580000,0x00000000d5580000,0x00000000d5a80000)
  from space 1024K, 60% used [0x00000000d5b80000,0x00000000d5c1a4c8,0x00000000d5c80000)
  to   space 1024K, 0% used [0x00000000d5a80000,0x00000000d5a80000,0x00000000d5b80000)
 ParOldGen       total 182272K, used 182237K [0x0000000080000000, 0x000000008b200000, 0x00000000d5580000)
  object space 182272K, 99% used [0x0000000080000000,0x000000008b1f74e8,0x000000008b200000)
 Metaspace       used 74804K, committed 76288K, reserved 1179648K
  class space    used 7966K, committed 8576K, reserved 1048576K
}

Dll operation events (14 events):
Event: 0.016 Loaded shared library c:\Users\Acer\.vscode\extensions\redhat.java-1.54.0-win32-x64\jre\21.0.10-win32-x86_64\bin\java.dll
Event: 0.131 Loaded shared library c:\Users\Acer\.vscode\extensions\redhat.java-1.54.0-win32-x64\jre\21.0.10-win32-x86_64\bin\zip.dll
Event: 0.196 Loaded shared library C:\Users\Acer\.vscode\extensions\redhat.java-1.54.0-win32-x64\jre\21.0.10-win32-x86_64\bin\instrument.dll
Event: 0.209 Loaded shared library C:\Users\Acer\.vscode\extensions\redhat.java-1.54.0-win32-x64\jre\21.0.10-win32-x86_64\bin\net.dll
Event: 0.214 Loaded shared library C:\Users\Acer\.vscode\extensions\redhat.java-1.54.0-win32-x64\jre\21.0.10-win32-x86_64\bin\nio.dll
Event: 0.219 Loaded shared library C:\Users\Acer\.vscode\extensions\redhat.java-1.54.0-win32-x64\jre\21.0.10-win32-x86_64\bin\zip.dll
Event: 0.248 Loaded shared library C:\Users\Acer\.vscode\extensions\redhat.java-1.54.0-win32-x64\jre\21.0.10-win32-x86_64\bin\jimage.dll
Event: 0.398 Loaded shared library c:\Users\Acer\.vscode\extensions\redhat.java-1.54.0-win32-x64\jre\21.0.10-win32-x86_64\bin\verify.dll
Event: 22.481 Loaded shared library C:\Users\Acer\AppData\Roaming\Code\User\globalStorage\redhat.java\1.54.0\config_win\org.eclipse.equinox.launcher\org.eclipse.equinox.launcher.win32.win32.x86_64_1.3.0.v20260203-2149\eclipse_11919.dll
Event: 50.610 Loaded shared library C:\Users\Acer\.vscode\extensions\redhat.java-1.54.0-win32-x64\jre\21.0.10-win32-x86_64\bin\management.dll
Event: 50.614 Loaded shared library C:\Users\Acer\.vscode\extensions\redhat.java-1.54.0-win32-x64\jre\21.0.10-win32-x86_64\bin\management_ext.dll
Event: 54.263 Loaded shared library C:\Users\Acer\AppData\Local\Temp\jna-2034799\jna9151846738816484381.dll
Event: 54.749 Loaded shared library C:\Users\Acer\.vscode\extensions\redhat.java-1.54.0-win32-x64\jre\21.0.10-win32-x86_64\bin\sunmscapi.dll
Event: 56.235 Loaded shared library C:\Users\Acer\.vscode\extensions\redhat.java-1.54.0-win32-x64\jre\21.0.10-win32-x86_64\bin\extnet.dll

Deoptimization events (20 events):
Event: 205.260 Thread 0x00000222fdfab650 DEOPT PACKING pc=0x00000222822a0053 sp=0x000000cc119fe7b0
Event: 205.260 Thread 0x00000222fdfab650 DEOPT UNPACKING pc=0x0000022287584242 sp=0x000000cc119fdd30 mode 0
Event: 205.330 Thread 0x00000222d63a7be0 Uncommon trap: trap_request=0xffffff45 fr.pc=0x0000022288533914 relative=0x0000000000000394
Event: 205.330 Thread 0x00000222d63a7be0 Uncommon trap: reason=unstable_if action=reinterpret pc=0x0000022288533914 method=org.eclipse.jdt.internal.compiler.lookup.TypeSystem$HashedParameterizedTypes$PTBKey.hashCode()I @ 30 c2
Event: 205.331 Thread 0x00000222d63a7be0 DEOPT PACKING pc=0x0000022288533914 sp=0x000000cc135fdd30
Event: 205.331 Thread 0x00000222d63a7be0 DEOPT UNPACKING pc=0x0000022287583aa2 sp=0x000000cc135fdcb0 mode 2
Event: 205.332 Thread 0x00000222fdfab650 DEOPT PACKING pc=0x00000222822a0053 sp=0x000000cc119fe7b0
Event: 205.333 Thread 0x00000222fdfab650 DEOPT UNPACKING pc=0x0000022287584242 sp=0x000000cc119fdd30 mode 0
Event: 205.412 Thread 0x00000222fdfab650 DEOPT PACKING pc=0x00000222822a0053 sp=0x000000cc119fe7b0
Event: 205.412 Thread 0x00000222fdfab650 DEOPT UNPACKING pc=0x0000022287584242 sp=0x000000cc119fdd30 mode 0
Event: 205.430 Thread 0x00000222fdfab650 DEOPT PACKING pc=0x00000222822a0053 sp=0x000000cc119fe7b0
Event: 205.430 Thread 0x00000222fdfab650 DEOPT UNPACKING pc=0x0000022287584242 sp=0x000000cc119fdd30 mode 0
Event: 205.443 Thread 0x00000222fdfab650 DEOPT PACKING pc=0x00000222822a0053 sp=0x000000cc119fe7b0
Event: 205.444 Thread 0x00000222fdfab650 DEOPT UNPACKING pc=0x0000022287584242 sp=0x000000cc119fdd30 mode 0
Event: 205.505 Thread 0x00000222fdfab650 DEOPT PACKING pc=0x00000222822a0053 sp=0x000000cc119fe7b0
Event: 205.505 Thread 0x00000222fdfab650 DEOPT UNPACKING pc=0x0000022287584242 sp=0x000000cc119fdd30 mode 0
Event: 205.527 Thread 0x00000222fdfab650 DEOPT PACKING pc=0x00000222822a01f8 sp=0x000000cc119fe7b0
Event: 205.527 Thread 0x00000222fdfab650 DEOPT UNPACKING pc=0x0000022287584242 sp=0x000000cc119fdd30 mode 0
Event: 205.568 Thread 0x00000222fdfab650 DEOPT PACKING pc=0x00000222822a0053 sp=0x000000cc119fe7b0
Event: 205.568 Thread 0x00000222fdfab650 DEOPT UNPACKING pc=0x0000022287584242 sp=0x000000cc119fdd30 mode 0

Classes loaded (20 events):
Event: 202.267 Loading class java/util/stream/Nodes$ToArrayTask$OfRef
Event: 202.267 Loading class java/util/stream/Nodes$ToArrayTask
Event: 202.268 Loading class java/util/stream/Nodes$ToArrayTask done
Event: 202.268 Loading class java/util/stream/Nodes$ToArrayTask$OfRef done
Event: 202.353 Loading class java/io/FileFilter
Event: 202.354 Loading class java/io/FileFilter done
Event: 202.391 Loading class java/util/CollSer
Event: 202.392 Loading class java/util/CollSer done
Event: 202.568 Loading class java/util/Hashtable$ValueCollection
Event: 202.569 Loading class java/util/Hashtable$ValueCollection done
Event: 203.026 Loading class java/util/concurrent/CompletableFuture$UniApply
Event: 203.027 Loading class java/util/concurrent/CompletableFuture$UniApply done
Event: 203.030 Loading class java/util/concurrent/CompletableFuture$UniExceptionally
Event: 203.031 Loading class java/util/concurrent/CompletableFuture$UniExceptionally done
Event: 203.251 Loading class java/lang/UnsupportedClassVersionError
Event: 203.252 Loading class java/lang/UnsupportedClassVersionError done
Event: 205.032 Loading class jdk/internal/module/IllegalAccessLogger
Event: 205.032 Loading class jdk/internal/module/IllegalAccessLogger done
Event: 205.088 Loading class java/util/concurrent/ArrayBlockingQueue
Event: 205.090 Loading class java/util/concurrent/ArrayBlockingQueue done

Classes unloaded (20 events):
Event: 51.804 Thread 0x00000222f3e31300 Unloading class 0x00000222901a8c00 'java/lang/invoke/LambdaForm$MH+0x00000222901a8c00'
Event: 51.804 Thread 0x00000222f3e31300 Unloading class 0x00000222901a8800 'java/lang/invoke/LambdaForm$MH+0x00000222901a8800'
Event: 51.804 Thread 0x00000222f3e31300 Unloading class 0x00000222901a8400 'java/lang/invoke/LambdaForm$MH+0x00000222901a8400'
Event: 51.804 Thread 0x00000222f3e31300 Unloading class 0x00000222901a8000 'java/lang/invoke/LambdaForm$MH+0x00000222901a8000'
Event: 51.804 Thread 0x00000222f3e31300 Unloading class 0x00000222901a7c00 'java/lang/invoke/LambdaForm$BMH+0x00000222901a7c00'
Event: 51.804 Thread 0x00000222f3e31300 Unloading class 0x00000222901a7800 'java/lang/invoke/LambdaForm$DMH+0x00000222901a7800'
Event: 51.804 Thread 0x00000222f3e31300 Unloading class 0x00000222901a6400 'java/lang/invoke/LambdaForm$DMH+0x00000222901a6400'
Event: 54.894 Thread 0x00000222f3e31300 Unloading class 0x00000222902e9800 'java/lang/invoke/LambdaForm$MH+0x00000222902e9800'
Event: 54.894 Thread 0x00000222f3e31300 Unloading class 0x00000222902e9400 'java/lang/invoke/LambdaForm$DMH+0x00000222902e9400'
Event: 54.894 Thread 0x00000222f3e31300 Unloading class 0x00000222902e5000 'java/lang/invoke/LambdaForm$MH+0x00000222902e5000'
Event: 54.894 Thread 0x00000222f3e31300 Unloading class 0x00000222902e4c00 'java/lang/invoke/LambdaForm$MH+0x00000222902e4c00'
Event: 54.894 Thread 0x00000222f3e31300 Unloading class 0x00000222902e4000 'java/lang/invoke/LambdaForm$MH+0x00000222902e4000'
Event: 54.894 Thread 0x00000222f3e31300 Unloading class 0x00000222902e3800 'java/lang/invoke/LambdaForm$MH+0x00000222902e3800'
Event: 54.894 Thread 0x00000222f3e31300 Unloading class 0x00000222902e3000 'java/lang/invoke/LambdaForm$MH+0x00000222902e3000'
Event: 54.894 Thread 0x00000222f3e31300 Unloading class 0x00000222902e2800 'java/lang/invoke/LambdaForm$MH+0x00000222902e2800'
Event: 54.894 Thread 0x00000222f3e31300 Unloading class 0x00000222902e2400 'java/lang/invoke/LambdaForm$MH+0x00000222902e2400'
Event: 119.539 Thread 0x00000222f3e31300 Unloading class 0x0000022290668c00 'java/lang/invoke/LambdaForm$DMH+0x0000022290668c00'
Event: 119.539 Thread 0x00000222f3e31300 Unloading class 0x0000022290668800 'java/lang/invoke/LambdaForm$DMH+0x0000022290668800'
Event: 119.539 Thread 0x00000222f3e31300 Unloading class 0x0000022290668400 'java/lang/invoke/LambdaForm$DMH+0x0000022290668400'
Event: 119.539 Thread 0x00000222f3e31300 Unloading class 0x0000022290668000 'java/lang/invoke/LambdaForm$DMH+0x0000022290668000'

Classes redefined (0 events):
No events

Internal exceptions (20 events):
Event: 203.098 Thread 0x00000222fdfaa2a0 Exception <a 'sun/nio/fs/WindowsException'{0x00000000d5816bd0}> (0x00000000d5816bd0) 
thrown [s\src\hotspot\share\prims\jni.cpp, line 520]
Event: 203.114 Thread 0x00000222fdfaa2a0 Exception <a 'sun/nio/fs/WindowsException'{0x00000000d59cd260}> (0x00000000d59cd260) 
thrown [s\src\hotspot\share\prims\jni.cpp, line 520]
Event: 203.115 Thread 0x00000222fdfaa2a0 Exception <a 'sun/nio/fs/WindowsException'{0x00000000d59cdb40}> (0x00000000d59cdb40) 
thrown [s\src\hotspot\share\prims\jni.cpp, line 520]
Event: 203.125 Thread 0x00000222fdfaa2a0 Exception <a 'sun/nio/fs/WindowsException'{0x00000000d5b51468}> (0x00000000d5b51468) 
thrown [s\src\hotspot\share\prims\jni.cpp, line 520]
Event: 203.125 Thread 0x00000222fdfaa2a0 Exception <a 'sun/nio/fs/WindowsException'{0x00000000d5b51a98}> (0x00000000d5b51a98) 
thrown [s\src\hotspot\share\prims\jni.cpp, line 520]
Event: 203.152 Thread 0x00000222fdfaa2a0 Exception <a 'sun/nio/fs/WindowsException'{0x00000000d583a470}> (0x00000000d583a470) 
thrown [s\src\hotspot\share\prims\jni.cpp, line 520]
Event: 203.152 Thread 0x00000222fdfaa2a0 Exception <a 'sun/nio/fs/WindowsException'{0x00000000d5865eb8}> (0x00000000d5865eb8) 
thrown [s\src\hotspot\share\prims\jni.cpp, line 520]
Event: 203.169 Thread 0x00000222fdfaa2a0 Exception <a 'sun/nio/fs/WindowsException'{0x00000000d59ec260}> (0x00000000d59ec260) 
thrown [s\src\hotspot\share\prims\jni.cpp, line 520]
Event: 203.169 Thread 0x00000222fdfaa2a0 Exception <a 'sun/nio/fs/WindowsException'{0x00000000d59ec890}> (0x00000000d59ec890) 
thrown [s\src\hotspot\share\prims\jni.cpp, line 520]
Event: 203.239 Thread 0x00000222fdfaa2a0 Exception <a 'sun/nio/fs/WindowsException'{0x00000000d562be70}> (0x00000000d562be70) 
thrown [s\src\hotspot\share\prims\jni.cpp, line 520]
Event: 203.240 Thread 0x00000222fdfaa2a0 Exception <a 'sun/nio/fs/WindowsException'{0x00000000d5658ac0}> (0x00000000d5658ac0) 
thrown [s\src\hotspot\share\prims\jni.cpp, line 520]
Event: 203.246 Thread 0x00000222fdfaa2a0 Exception <a 'sun/nio/fs/WindowsException'{0x00000000d57b23b8}> (0x00000000d57b23b8) 
thrown [s\src\hotspot\share\prims\jni.cpp, line 520]
Event: 203.246 Thread 0x00000222fdfaa2a0 Exception <a 'sun/nio/fs/WindowsException'{0x00000000d57b29e8}> (0x00000000d57b29e8) 
thrown [s\src\hotspot\share\prims\jni.cpp, line 520]
Event: 203.265 Thread 0x00000222fdfaa2a0 Exception <a 'sun/nio/fs/WindowsException'{0x00000000d5b9a630}> (0x00000000d5b9a630) 
thrown [s\src\hotspot\share\prims\jni.cpp, line 520]
Event: 203.265 Thread 0x00000222fdfaa2a0 Exception <a 'sun/nio/fs/WindowsException'{0x00000000d5b9af10}> (0x00000000d5b9af10) 
thrown [s\src\hotspot\share\prims\jni.cpp, line 520]
Event: 203.290 Thread 0x00000222d63a5b10 Exception <a 'java/lang/NoSuchMethodError'{0x00000000d57cc558}: 'int java.lang.invoke.Invokers$Holder.invokeExact_MT(java.lang.Object, java.lang.Object)'> (0x00000000d57cc558) 
thrown [s\src\hotspot\share\interpreter\linkResolver.cpp, line 773]
Event: 203.308 Thread 0x00000222fdfaa2a0 Exception <a 'java/lang/NoSuchMethodError'{0x00000000d5a68fa8}: 'int java.lang.invoke.DirectMethodHandle$Holder.invokeStatic(java.lang.Object)'> (0x00000000d5a68fa8) 
thrown [s\src\hotspot\share\interpreter\linkResolver.cpp, line 773]
Event: 203.404 Thread 0x00000222fd4ec0d0 Exception <a 'java/lang/NoSuchMethodError'{0x00000000d55ecd48}: 'java.lang.Object java.lang.invoke.DirectMethodHandle$Holder.invokeSpecial(java.lang.Object, java.lang.Object, int, long)'> (0x00000000d55ecd48) 
thrown [s\src\hotspot\share\interpreter\linkResolver.cpp, line 773]
Event: 204.611 Thread 0x00000222fdfab650 Implicit null exception at 0x00000222886b56f0 to 0x00000222886b9b2c
Event: 205.521 Thread 0x00000222d63a7be0 Exception <a 'java/lang/NoSuchMethodError'{0x00000000d55806b8}: 'void java.lang.invoke.DirectMethodHandle$Holder.invokeStatic(java.lang.Object, int, java.lang.Object)'> (0x00000000d55806b8) 
thrown [s\src\hotspot\share\interpreter\linkResolver.cpp, line 773]

ZGC Phase Switch (0 events):
No events

VM Operations (20 events):
Event: 205.395 Executing safepoint VM operation: ParallelGCFailedAllocation (Allocation Failure)
Event: 205.403 Executing safepoint VM operation: ParallelGCFailedAllocation (Allocation Failure) done
Event: 205.418 Executing safepoint VM operation: ParallelGCFailedAllocation (Allocation Failure)
Event: 205.421 Executing safepoint VM operation: ParallelGCFailedAllocation (Allocation Failure) done
Event: 205.430 Executing safepoint VM operation: ParallelGCFailedAllocation (Allocation Failure)
Event: 205.433 Executing safepoint VM operation: ParallelGCFailedAllocation (Allocation Failure) done
Event: 205.444 Executing safepoint VM operation: ParallelGCFailedAllocation (Allocation Failure)
Event: 205.446 Executing safepoint VM operation: ParallelGCFailedAllocation (Allocation Failure) done
Event: 205.479 Executing safepoint VM operation: ParallelGCFailedAllocation (Allocation Failure)
Event: 205.494 Executing safepoint VM operation: ParallelGCFailedAllocation (Allocation Failure) done
Event: 205.505 Executing safepoint VM operation: ParallelGCFailedAllocation (Allocation Failure)
Event: 205.508 Executing safepoint VM operation: ParallelGCFailedAllocation (Allocation Failure) done
Event: 205.519 Executing safepoint VM operation: ParallelGCFailedAllocation (Allocation Failure)
Event: 205.521 Executing safepoint VM operation: ParallelGCFailedAllocation (Allocation Failure) done
Event: 205.530 Executing safepoint VM operation: ParallelGCFailedAllocation (Allocation Failure)
Event: 205.532 Executing safepoint VM operation: ParallelGCFailedAllocation (Allocation Failure) done
Event: 205.542 Executing safepoint VM operation: ParallelGCFailedAllocation (Allocation Failure)
Event: 205.544 Executing safepoint VM operation: ParallelGCFailedAllocation (Allocation Failure) done
Event: 205.557 Executing safepoint VM operation: ParallelGCFailedAllocation (Allocation Failure)
Event: 205.565 Executing safepoint VM operation: ParallelGCFailedAllocation (Allocation Failure) done

Memory protections (0 events):
No events

Nmethod flushes (20 events):
Event: 119.597 Thread 0x00000222f3e31300 flushing  nmethod 0x000002228090a490
Event: 119.597 Thread 0x00000222f3e31300 flushing  nmethod 0x000002228090b910
Event: 119.597 Thread 0x00000222f3e31300 flushing  nmethod 0x000002228090dd90
Event: 119.597 Thread 0x00000222f3e31300 flushing  nmethod 0x000002228090e190
Event: 119.597 Thread 0x00000222f3e31300 flushing  nmethod 0x000002228090e610
Event: 119.597 Thread 0x00000222f3e31300 flushing  nmethod 0x0000022280914b10
Event: 119.597 Thread 0x00000222f3e31300 flushing  nmethod 0x0000022280914f90
Event: 119.597 Thread 0x00000222f3e31300 flushing  nmethod 0x0000022280915590
Event: 119.597 Thread 0x00000222f3e31300 flushing  nmethod 0x0000022280915d10
Event: 119.597 Thread 0x00000222f3e31300 flushing  nmethod 0x0000022280916110
Event: 119.597 Thread 0x00000222f3e31300 flushing  nmethod 0x0000022280916590
Event: 119.597 Thread 0x00000222f3e31300 flushing  nmethod 0x0000022280916b90
Event: 119.597 Thread 0x00000222f3e31300 flushing  nmethod 0x0000022280916f90
Event: 119.597 Thread 0x00000222f3e31300 flushing  nmethod 0x000002228092f010
Event: 119.597 Thread 0x00000222f3e31300 flushing osr nmethod 0x0000022280930610
Event: 119.597 Thread 0x00000222f3e31300 flushing  nmethod 0x000002228093bc10
Event: 119.597 Thread 0x00000222f3e31300 flushing  nmethod 0x0000022280956510
Event: 119.597 Thread 0x00000222f3e31300 flushing  nmethod 0x0000022280958f10
Event: 119.597 Thread 0x00000222f3e31300 flushing  nmethod 0x000002228095e190
Event: 119.597 Thread 0x00000222f3e31300 flushing  nmethod 0x0000022280983a90

Events (20 events):
Event: 202.267 Thread 0x00000222d430aea0 Thread added: 0x00000222d430bbc0
Event: 202.269 Thread 0x00000222d430bbc0 Thread added: 0x00000222d430cf70
Event: 202.269 Thread 0x00000222d430aea0 Thread added: 0x00000222d430b530
Event: 202.269 Thread 0x00000222d430bbc0 Thread added: 0x00000222d430d600
Event: 202.273 Thread 0x00000222d430d600 Thread exited: 0x00000222d430d600
Event: 202.274 Thread 0x00000222d430b530 Thread exited: 0x00000222d430b530
Event: 202.274 Thread 0x00000222d430e320 Thread exited: 0x00000222d430e320
Event: 202.274 Thread 0x00000222d430aea0 Thread exited: 0x00000222d430aea0
Event: 202.274 Thread 0x00000222d430cf70 Thread exited: 0x00000222d430cf70
Event: 202.274 Thread 0x00000222d430bbc0 Thread exited: 0x00000222d430bbc0
Event: 203.031 Thread 0x00000222fd4ea690 Thread added: 0x00000222d63a61a0
Event: 203.037 Thread 0x00000222fd4ea690 Thread added: 0x00000222d63a4df0
Event: 203.038 Thread 0x00000222d63a4df0 Thread added: 0x00000222d63a5480
Event: 203.039 Thread 0x00000222d63a5480 Thread added: 0x00000222d63a6ec0
Event: 203.039 Thread 0x00000222d63a6ec0 Thread added: 0x00000222d63a5b10
Event: 203.999 Thread 0x00000222f3e866e0 Thread added: 0x00000222d4770e00
Event: 204.070 Thread 0x00000222fdfaa2a0 Thread added: 0x00000222d63a6830
Event: 204.070 Thread 0x00000222fdfaa2a0 Thread added: 0x00000222d63a3a40
Event: 204.070 Thread 0x00000222fdfaa2a0 Thread added: 0x00000222d63a7550
Event: 205.094 Thread 0x00000222fdfaa2a0 Thread added: 0x00000222d63a7be0


Dynamic libraries:
0x00007ff7cf7a0000 - 0x00007ff7cf7ae000 	c:\Users\Acer\.vscode\extensions\redhat.java-1.54.0-win32-x64\jre\21.0.10-win32-x86_64\bin\java.exe
0x00007fff4c880000 - 0x00007fff4cae7000 	C:\WINDOWS\SYSTEM32\ntdll.dll
0x00007fff4bc90000 - 0x00007fff4bd59000 	C:\WINDOWS\System32\KERNEL32.DLL
0x00007fff4a220000 - 0x00007fff4a611000 	C:\WINDOWS\System32\KERNELBASE.dll
0x00007fff49da0000 - 0x00007fff49eeb000 	C:\WINDOWS\System32\ucrtbase.dll
0x00007fff3e760000 - 0x00007fff3e778000 	c:\Users\Acer\.vscode\extensions\redhat.java-1.54.0-win32-x64\jre\21.0.10-win32-x86_64\bin\jli.dll
0x00007fff4c1d0000 - 0x00007fff4c395000 	C:\WINDOWS\System32\USER32.dll
0x00007fff49380000 - 0x00007fff493a7000 	C:\WINDOWS\System32\win32u.dll
0x00007fff4abc0000 - 0x00007fff4abeb000 	C:\WINDOWS\System32\GDI32.dll
0x00007fff49f80000 - 0x00007fff4a0ab000 	C:\WINDOWS\System32\gdi32full.dll
0x00007fff49160000 - 0x00007fff49203000 	C:\WINDOWS\System32\msvcp_win.dll
0x00007fff39010000 - 0x00007fff392a3000 	C:\WINDOWS\WinSxS\amd64_microsoft.windows.common-controls_6595b64144ccf1df_6.0.26100.8037_none_3e092faae333b53b\COMCTL32.dll
0x00007fff4bbe0000 - 0x00007fff4bc89000 	C:\WINDOWS\System32\msvcrt.dll
0x00007fff44940000 - 0x00007fff4495e000 	c:\Users\Acer\.vscode\extensions\redhat.java-1.54.0-win32-x64\jre\21.0.10-win32-x86_64\bin\VCRUNTIME140.dll
0x00007fff4b910000 - 0x00007fff4b941000 	C:\WINDOWS\System32\IMM32.DLL
0x00007fff43710000 - 0x00007fff4371c000 	c:\Users\Acer\.vscode\extensions\redhat.java-1.54.0-win32-x64\jre\21.0.10-win32-x86_64\bin\vcruntime140_1.dll
0x00007ffefb090000 - 0x00007ffefb11d000 	c:\Users\Acer\.vscode\extensions\redhat.java-1.54.0-win32-x64\jre\21.0.10-win32-x86_64\bin\msvcp140.dll
0x00007ffec6990000 - 0x00007ffec7731000 	c:\Users\Acer\.vscode\extensions\redhat.java-1.54.0-win32-x64\jre\21.0.10-win32-x86_64\bin\server\jvm.dll
0x00007fff4bab0000 - 0x00007fff4bb6b000 	C:\WINDOWS\System32\ADVAPI32.dll
0x00007fff4c110000 - 0x00007fff4c1b7000 	C:\WINDOWS\System32\sechost.dll
0x00007fff4b360000 - 0x00007fff4b478000 	C:\WINDOWS\System32\RPCRT4.dll
0x00007fff4b950000 - 0x00007fff4b9c4000 	C:\WINDOWS\System32\WS2_32.dll
0x00007fff41b80000 - 0x00007fff41b8b000 	C:\WINDOWS\SYSTEM32\VERSION.dll
0x00007fff48fe0000 - 0x00007fff4903e000 	C:\WINDOWS\SYSTEM32\POWRPROF.dll
0x00007fff392b0000 - 0x00007fff392e5000 	C:\WINDOWS\SYSTEM32\WINMM.dll
0x00007fff48fc0000 - 0x00007fff48fd4000 	C:\WINDOWS\SYSTEM32\UMPDC.dll
0x00007fff47eb0000 - 0x00007fff47ecb000 	C:\WINDOWS\SYSTEM32\kernel.appcore.dll
0x00007fff41b90000 - 0x00007fff41b9a000 	c:\Users\Acer\.vscode\extensions\redhat.java-1.54.0-win32-x64\jre\21.0.10-win32-x86_64\bin\jimage.dll
0x00007fff39300000 - 0x00007fff39542000 	C:\WINDOWS\SYSTEM32\DBGHELP.DLL
0x00007fff4a830000 - 0x00007fff4abb2000 	C:\WINDOWS\System32\combase.dll
0x00007fff4b9d0000 - 0x00007fff4baa7000 	C:\WINDOWS\System32\OLEAUT32.dll
0x00007fff2f3d0000 - 0x00007fff2f40b000 	C:\WINDOWS\SYSTEM32\dbgcore.DLL
0x00007fff4a0b0000 - 0x00007fff4a155000 	C:\WINDOWS\System32\bcryptPrimitives.dll
0x00007fff3f9b0000 - 0x00007fff3f9bf000 	c:\Users\Acer\.vscode\extensions\redhat.java-1.54.0-win32-x64\jre\21.0.10-win32-x86_64\bin\instrument.dll
0x00007fff3e5e0000 - 0x00007fff3e600000 	c:\Users\Acer\.vscode\extensions\redhat.java-1.54.0-win32-x64\jre\21.0.10-win32-x86_64\bin\java.dll
0x00007fff4abf0000 - 0x00007fff4b34f000 	C:\WINDOWS\System32\SHELL32.dll
0x00007fff49210000 - 0x00007fff4937a000 	C:\WINDOWS\System32\wintypes.dll
0x00007fff49530000 - 0x00007fff49d94000 	C:\WINDOWS\System32\windows.storage.dll
0x00007fff4a620000 - 0x00007fff4a717000 	C:\WINDOWS\System32\SHCORE.dll
0x00007fff4bb70000 - 0x00007fff4bbd7000 	C:\WINDOWS\System32\shlwapi.dll
0x00007fff49080000 - 0x00007fff490a9000 	C:\WINDOWS\SYSTEM32\profapi.dll
0x00007fff3a720000 - 0x00007fff3a738000 	c:\Users\Acer\.vscode\extensions\redhat.java-1.54.0-win32-x64\jre\21.0.10-win32-x86_64\bin\zip.dll
0x00007fff3f460000 - 0x00007fff3f470000 	C:\Users\Acer\.vscode\extensions\redhat.java-1.54.0-win32-x64\jre\21.0.10-win32-x86_64\bin\net.dll
0x00007fff3f300000 - 0x00007fff3f427000 	C:\WINDOWS\SYSTEM32\WINHTTP.dll
0x00007fff48400000 - 0x00007fff4846b000 	C:\WINDOWS\system32\mswsock.dll
0x00007fff3a670000 - 0x00007fff3a686000 	C:\Users\Acer\.vscode\extensions\redhat.java-1.54.0-win32-x64\jre\21.0.10-win32-x86_64\bin\nio.dll
0x00007fff3ec40000 - 0x00007fff3ec50000 	c:\Users\Acer\.vscode\extensions\redhat.java-1.54.0-win32-x64\jre\21.0.10-win32-x86_64\bin\verify.dll
0x00007fff23d00000 - 0x00007fff23d45000 	C:\Users\Acer\AppData\Roaming\Code\User\globalStorage\redhat.java\1.54.0\config_win\org.eclipse.equinox.launcher\org.eclipse.equinox.launcher.win32.win32.x86_64_1.3.0.v20260203-2149\eclipse_11919.dll
0x00007fff4c6a0000 - 0x00007fff4c835000 	C:\WINDOWS\System32\ole32.dll
0x00007fff3eb50000 - 0x00007fff3eb5a000 	C:\Users\Acer\.vscode\extensions\redhat.java-1.54.0-win32-x64\jre\21.0.10-win32-x86_64\bin\management.dll
0x00007fff3e5a0000 - 0x00007fff3e5ac000 	C:\Users\Acer\.vscode\extensions\redhat.java-1.54.0-win32-x64\jre\21.0.10-win32-x86_64\bin\management_ext.dll
0x00007fff4c1c0000 - 0x00007fff4c1c8000 	C:\WINDOWS\System32\PSAPI.DLL
0x00007fff48710000 - 0x00007fff4872b000 	C:\WINDOWS\SYSTEM32\CRYPTSP.dll
0x00007fff47e10000 - 0x00007fff47e49000 	C:\WINDOWS\system32\rsaenh.dll
0x00007fff484b0000 - 0x00007fff484e2000 	C:\WINDOWS\SYSTEM32\USERENV.dll
0x00007fff49050000 - 0x00007fff4907a000 	C:\WINDOWS\SYSTEM32\bcrypt.dll
0x00007fff48660000 - 0x00007fff4866c000 	C:\WINDOWS\SYSTEM32\CRYPTBASE.dll
0x00007fff477c0000 - 0x00007fff477f3000 	C:\WINDOWS\SYSTEM32\IPHLPAPI.DLL
0x00007fff4c4b0000 - 0x00007fff4c4ba000 	C:\WINDOWS\System32\NSI.dll
0x00007ffef3880000 - 0x00007ffef38c9000 	C:\Users\Acer\AppData\Local\Temp\jna-2034799\jna9151846738816484381.dll
0x00007fff3f2c0000 - 0x00007fff3f2dd000 	C:\WINDOWS\SYSTEM32\dhcpcsvc6.DLL
0x00007fff3f290000 - 0x00007fff3f2b3000 	C:\WINDOWS\SYSTEM32\dhcpcsvc.DLL
0x00007fff24930000 - 0x00007fff2493e000 	C:\Users\Acer\.vscode\extensions\redhat.java-1.54.0-win32-x64\jre\21.0.10-win32-x86_64\bin\sunmscapi.dll
0x00007fff493b0000 - 0x00007fff49527000 	C:\WINDOWS\System32\CRYPT32.dll
0x00007fff48960000 - 0x00007fff48990000 	C:\WINDOWS\SYSTEM32\ncrypt.dll
0x00007fff488f0000 - 0x00007fff4892f000 	C:\WINDOWS\SYSTEM32\NTASN1.dll
0x00007fff478e0000 - 0x00007fff47a0a000 	C:\WINDOWS\SYSTEM32\DNSAPI.dll
0x00007fff3b9f0000 - 0x00007fff3b9fb000 	C:\Windows\System32\rasadhlp.dll
0x00007fff3e990000 - 0x00007fff3ea16000 	C:\WINDOWS\System32\fwpuclnt.dll
0x00007fff24920000 - 0x00007fff24929000 	C:\Users\Acer\.vscode\extensions\redhat.java-1.54.0-win32-x64\jre\21.0.10-win32-x86_64\bin\extnet.dll

JVMTI agents:
c:\Users\Acer\.vscode\extensions\redhat.java-1.54.0-win32-x64\lombok\lombok-1.18.39-4050.jar path:c:\Users\Acer\.vscode\extensions\redhat.java-1.54.0-win32-x64\jre\21.0.10-win32-x86_64\bin\instrument.dll, loaded, initialized, instrumentlib options:none

dbghelp: loaded successfully - version: 4.0.5 - missing functions: none
symbol engine: initialized successfully - sym options: 0x614 - pdb path: .;c:\Users\Acer\.vscode\extensions\redhat.java-1.54.0-win32-x64\jre\21.0.10-win32-x86_64\bin;C:\WINDOWS\SYSTEM32;C:\WINDOWS\WinSxS\amd64_microsoft.windows.common-controls_6595b64144ccf1df_6.0.26100.8037_none_3e092faae333b53b;c:\Users\Acer\.vscode\extensions\redhat.java-1.54.0-win32-x64\jre\21.0.10-win32-x86_64\bin\server;C:\Users\Acer\AppData\Roaming\Code\User\globalStorage\redhat.java\1.54.0\config_win\org.eclipse.equinox.launcher\org.eclipse.equinox.launcher.win32.win32.x86_64_1.3.0.v20260203-2149;C:\Users\Acer\AppData\Local\Temp\jna-2034799

VM Arguments:
jvm_args: --add-modules=ALL-SYSTEM --add-opens=java.base/java.util=ALL-UNNAMED --add-opens=java.base/java.lang=ALL-UNNAMED --add-opens=java.base/sun.nio.fs=ALL-UNNAMED -Declipse.application=org.eclipse.jdt.ls.core.id1 -Dosgi.bundles.defaultStartLevel=4 -Declipse.product=org.eclipse.jdt.ls.core.product -Djava.import.generatesMetadataFilesAtProjectRoot=false -DDetectVMInstallationsJob.disabled=true -Dfile.encoding=utf8 -XX:+UseParallelGC -XX:GCTimeRatio=4 -XX:AdaptiveSizePolicyWeight=90 -Dsun.zip.disableMemoryMapping=true -Xmx2G -Xms100m -Xlog:disable -javaagent:c:\Users\Acer\.vscode\extensions\redhat.java-1.54.0-win32-x64\lombok\lombok-1.18.39-4050.jar -XX:+HeapDumpOnOutOfMemoryError -XX:HeapDumpPath=c:\Users\Acer\AppData\Roaming\Code\User\workspaceStorage\c2f84b20cdcc030d3ac3bac9dc360a9b\redhat.java -Daether.dependencyCollector.impl=bf 
java_command: c:\Users\Acer\.vscode\extensions\redhat.java-1.54.0-win32-x64\server\plugins\org.eclipse.equinox.launcher_1.7.100.v20251111-0406.jar -configuration c:\Users\Acer\AppData\Roaming\Code\User\globalStorage\redhat.java\1.54.0\config_win -data c:\Users\Acer\AppData\Roaming\Code\User\workspaceStorage\c2f84b20cdcc030d3ac3bac9dc360a9b\redhat.java\jdt_ws --pipe=\\.\pipe\lsp-2722ed9095555e8cafe96ae28b914db3-sock
java_class_path (initial): c:\Users\Acer\.vscode\extensions\redhat.java-1.54.0-win32-x64\server\plugins\org.eclipse.equinox.launcher_1.7.100.v20251111-0406.jar
Launcher Type: SUN_STANDARD

[Global flags]
    uintx AdaptiveSizePolicyWeight                 = 90                                        {product} {command line}
     intx CICompilerCount                          = 4                                         {product} {ergonomic}
    uintx GCTimeRatio                              = 4                                         {product} {command line}
     bool HeapDumpOnOutOfMemoryError               = true                                   {manageable} {command line}
    ccstr HeapDumpPath                             = c:\Users\Acer\AppData\Roaming\Code\User\workspaceStorage\c2f84b20cdcc030d3ac3bac9dc360a9b\redhat.java         {manageable} {command line}
   size_t InitialHeapSize                          = 104857600                                 {product} {command line}
   size_t MaxHeapSize                              = 2147483648                                {product} {command line}
   size_t MaxNewSize                               = 715653120                                 {product} {ergonomic}
   size_t MinHeapDeltaBytes                        = 524288                                    {product} {ergonomic}
   size_t MinHeapSize                              = 104857600                                 {product} {command line}
   size_t NewSize                                  = 34603008                                  {product} {ergonomic}
    uintx NonNMethodCodeHeapSize                   = 5839372                                {pd product} {ergonomic}
    uintx NonProfiledCodeHeapSize                  = 122909434                              {pd product} {ergonomic}
   size_t OldSize                                  = 70254592                                  {product} {ergonomic}
    uintx ProfiledCodeHeapSize                     = 122909434                              {pd product} {ergonomic}
    uintx ReservedCodeCacheSize                    = 251658240                              {pd product} {ergonomic}
     bool SegmentedCodeCache                       = true                                      {product} {ergonomic}
   size_t SoftMaxHeapSize                          = 2147483648                             {manageable} {ergonomic}
     bool UseCompressedOops                        = true                           {product lp64_product} {ergonomic}
     bool UseLargePagesIndividualAllocation        = false                                  {pd product} {ergonomic}
     bool UseParallelGC                            = true                                      {product} {command line}

Logging:
Log output configuration:
 #0: stdout all=off uptime,level,tags foldmultilines=false
 #1: stderr all=off uptime,level,tags foldmultilines=false

Release file:
JAVA_VERSION="21.0.10" 
MODULES="java.base java.compiler java.datatransfer java.xml java.prefs java.desktop java.instrument java.logging java.management java.security.sasl java.naming java.rmi java.management.rmi java.net.http java.scripting java.security.jgss java.transaction.xa java.sql java.sql.rowset java.xml.crypto java.se java.smartcardio jdk.accessibility jdk.internal.jvmstat jdk.attach jdk.charsets jdk.internal.opt jdk.zipfs jdk.compiler jdk.crypto.ec jdk.crypto.cryptoki jdk.crypto.mscapi jdk.dynalink jdk.internal.ed jdk.editpad jdk.hotspot.agent jdk.httpserver jdk.internal.le jdk.internal.vm.ci jdk.internal.vm.compiler jdk.internal.vm.compiler.management jdk.jartool jdk.javadoc jdk.jcmd jdk.management jdk.management.agent jdk.jconsole jdk.jdeps jdk.jdwp.agent jdk.jdi jdk.jfr jdk.jshell jdk.jsobject jdk.jstatd jdk.localedata jdk.management.jfr jdk.naming.dns jdk.naming.rmi jdk.net jdk.nio.mapmode jdk.random jdk.sctp jdk.security.auth jdk.security.jgss jdk.unsupported jdk.unsupported.desktop jdk.xml.dom" 

Environment Variables:
PATH=C:\Program Files\Common Files\Oracle\Java\javapath;C:\WINDOWS\system32;C:\WINDOWS;C:\WINDOWS\System32\Wbem;C:\WINDOWS\System32\WindowsPowerShell\v1.0\;C:\WINDOWS\System32\OpenSSH\;C:\Program Files\Git\cmd;C:\Program Files\Docker\Docker\resources\bin;C:\Program Files\nodejs\;C:\Users\Acer\AppData\Local\Microsoft\WindowsApps;C:\Users\Acer\AppData\Local\Programs\Microsoft VS Code\bin;C:\Users\Acer\AppData\Roaming\npm
USERNAME=Acer
OS=Windows_NT
PROCESSOR_IDENTIFIER=Intel64 Family 6 Model 142 Stepping 11, GenuineIntel
TMP=C:\Users\Acer\AppData\Local\Temp
TEMP=C:\Users\Acer\AppData\Local\Temp




Periodic native trim disabled

---------------  S Y S T E M  ---------------

OS:
 Windows 11 , 64 bit Build 26100 (10.0.26100.7920)
OS uptime: 6 days 5:55 hours
Hyper-V role detected

CPU: total 8 (initial active 8) (4 cores per cpu, 2 threads per core) family 6 model 142 stepping 11 microcode 0xde, cx8, cmov, fxsr, ht, mmx, 3dnowpref, sse, sse2, sse3, ssse3, sse4.1, sse4.2, popcnt, lzcnt, tsc, tscinvbit, avx, avx2, aes, erms, clmul, bmi1, bmi2, adx, fma, vzeroupper, clflush, clflushopt, hv, rdtscp, f16c
Processor Information for processor 0
  Max Mhz: 1992, Current Mhz: 1792, Mhz Limit: 1792
Processor Information for processor 1
  Max Mhz: 1992, Current Mhz: 1792, Mhz Limit: 1792
Processor Information for processor 2
  Max Mhz: 1992, Current Mhz: 1792, Mhz Limit: 1792
Processor Information for processor 3
  Max Mhz: 1992, Current Mhz: 1494, Mhz Limit: 1792
Processor Information for processor 4
  Max Mhz: 1992, Current Mhz: 1792, Mhz Limit: 1792
Processor Information for processor 5
  Max Mhz: 1992, Current Mhz: 1792, Mhz Limit: 1792
Processor Information for processor 6
  Max Mhz: 1992, Current Mhz: 1792, Mhz Limit: 1792
Processor Information for processor 7
  Max Mhz: 1992, Current Mhz: 1792, Mhz Limit: 1792

Memory: 4k page, system-wide physical 8040M (554M free)
TotalPageFile size 18592M (AvailPageFile size 3M)
current process WorkingSet (physical memory assigned to process): 351M, peak: 353M
current process commit charge ("private bytes"): 535M, peak: 540M

vm_info: OpenJDK 64-Bit Server VM (21.0.10+7-LTS) for windows-amd64 JRE (21.0.10+7-LTS), built on 2026-01-20T00:00:00Z by "admin" with MS VC++ 17.12 (VS2022)

END.
